2026-02-28T13:17:05.502142700Z [DEBUG] [main] Debug message
2026-02-28T13:17:05.503141700Z [INFO] [main] Application started
2026-02-28T13:17:05.503141700Z [WARN] [main] This is a warning
2026-02-28T13:17:05.503141700Z [ERROR] [main] Something went wrong
2026-02-28T13:17:05.503141700Z [FATAL] [main] Fatal error occurred
2026-02-28T13:17:05.508224100Z [INFO] [Worker-2] Logging from thread: Worker-2
2026-02-28T13:17:05.508224100Z [INFO] [Worker-1] Logging from thread: Worker-1
2026-02-28T13:17:05.508224100Z [INFO] [Worker-2] Logging from thread: Worker-2
2026-02-28T13:17:05.508224100Z [INFO] [Worker-2] Logging from thread: Worker-2
2026-02-28T13:17:05.508224100Z [INFO] [Worker-1] Logging from thread: Worker-1
2026-02-28T13:17:05.508224100Z [INFO] [Worker-2] Logging from thread: Worker-2
2026-02-28T13:17:05.508224100Z [INFO] [Worker-1] Logging from thread: Worker-1
2026-02-28T13:17:05.508224100Z [INFO] [Worker-2] Logging from thread: Worker-2
2026-02-28T13:17:05.508224100Z [INFO] [Worker-1] Logging from thread: Worker-1
2026-02-28T13:17:05.508224100Z [INFO] [Worker-1] Logging from thread: Worker-1
2026-02-28T13:17:05.509749900Z [INFO] [Worker-3] Logging from thread: Worker-3
2026-02-28T13:17:05.509749900Z [INFO] [Worker-3] Logging from thread: Worker-3
2026-02-28T13:17:05.509749900Z [INFO] [Worker-3] Logging from thread: Worker-3
2026-02-28T13:17:05.509749900Z [INFO] [Worker-3] Logging from thread: Worker-3
2026-02-28T13:17:05.509749900Z [INFO] [Worker-3] Logging from thread: Worker-3
